Instruction: if it is windows click windows buttion then search for the browser and search for antigravity then open it/ it it is mack click Command-Spacebar buttion then search for the browser and search for antigravity then open it
Data: {'action': 'open_app', 'app': 'the browser and search for antigravity'}
